<?xml version="1.0" encoding="UTF-8"?>
<testsuites name="jest tests" tests="1" failures="0" time="7.357">
  <testsuite name="Click Add To cart button" errors="0" failures="0" skipped="0" timestamp="2020-12-06T12:32:19" time="5.617" tests="1">
    <testcase classname="Click Add To cart button onClick invokes function" name="Click Add To cart button onClick invokes function" time="0.038">
    </testcase>
  </testsuite>
</testsuites>